0 verbose cli D:\node_js\node.exe D:\Vue\day_04\node_js\node_global\node_modules\npm\bin\npm-cli.js
1 info using npm@11.2.0
2 info using node@v22.14.0
3 silly config load:file:D:\Vue\day_04\node_js\node_global\node_modules\npm\npmrc
4 silly config load:file:D:\Vue\day_04\.npmrc
5 silly config load:file:C:\Users\10797\.npmrc
6 silly config load:file:D:\Vue\day_04\node_js\node_global\etc\npmrc
7 verbose title npm run dev
8 verbose argv "run" "dev"
9 verbose logfile logs-max:10 dir:D:\Vue\day_04\node_js\node_cache\_logs\2025-04-13T06_03_32_382Z-
10 verbose logfile D:\Vue\day_04\node_js\node_cache\_logs\2025-04-13T06_03_32_382Z-debug-0.log
11 silly logfile done cleaning log files
12 verbose stack Error: Missing script: "dev"
12 verbose stack
12 verbose stack To see a list of scripts, run:
12 verbose stack   npm run
12 verbose stack     at #run (D:\Vue\day_04\node_js\node_global\node_modules\npm\lib\commands\run-script.js:111:13)
12 verbose stack     at async RunScript.exec (D:\Vue\day_04\node_js\node_global\node_modules\npm\lib\commands\run-script.js:40:7)
12 verbose stack     at async Npm.exec (D:\Vue\day_04\node_js\node_global\node_modules\npm\lib\npm.js:208:9)
12 verbose stack     at async module.exports (D:\Vue\day_04\node_js\node_global\node_modules\npm\lib\cli\entry.js:67:5)
13 error Missing script: "dev"
13 error
13 error To see a list of scripts, run:
13 error   npm run
14 verbose cwd D:\Vue\day_04
15 verbose os Windows_NT 10.0.26100
16 verbose node v22.14.0
17 verbose npm  v11.2.0
18 verbose exit 1
19 verbose code 1
20 error A complete log of this run can be found in: D:\Vue\day_04\node_js\node_cache\_logs\2025-04-13T06_03_32_382Z-debug-0.log
